// Jest Snapshot v1, https://goo.gl/fbAQLP

exports[`breakline renders correctly 1`] = `
<div
  style={
    Object {
      "marginTop": "undefinedpx",
    }
  }
/>
`;
