// Jest Snapshot v1, https://goo.gl/fbAQLP

exports[`button renders correctly 1`] = `
<ul
  className="govuk-list govuk-list--bullet"
/>
`;
