// Jest Snapshot v1, https://goo.gl/fbAQLP

exports[`button renders correctly 1`] = `
<button
  className="govuk-button"
  data-module="govuk-button"
  id="a"
  onClick={[Function]}
/>
`;
