// Jest Snapshot v1, https://goo.gl/fbAQLP

exports[`extra-large-title renders correctly 1`] = `
<div
  className="govuk-heading-xl"
/>
`;
