// Jest Snapshot v1, https://goo.gl/fbAQLP

exports[`HyperLink renders correctly 1`] = `
<a
  className="govuk-link"
/>
`;
