// Jest Snapshot v1, https://goo.gl/fbAQLP

exports[`imageNewWindow renders correctly 1`] = `
<a
  className="govuk-link"
  href="#"
  onClick={[Function]}
  target="_blank"
>
  image-name
</a>
`;
