// Jest Snapshot v1, https://goo.gl/fbAQLP

exports[`SmallTitle renders correctly 1`] = `
<h4
  className="govuk-heading-s"
/>
`;
