// Jest Snapshot v1, https://goo.gl/fbAQLP

exports[`video renders correctly 1`] = `
<div
  className="responsive-video"
>
  <video
    controls={true}
    playsInline={true}
  >
    <source
      type="video/mp4"
    />
  </video>
</div>
`;
